INSTRUMENTATION_STATUS: class=com.rslnabk.aivideotest.BackendMediaBridgeTest
INSTRUMENTATION_STATUS: current=1
INSTRUMENTATION_STATUS: id=AndroidJUnitRunner
INSTRUMENTATION_STATUS: numtests=3
INSTRUMENTATION_STATUS: stream=
com.rslnabk.aivideotest.BackendMediaBridgeTest:
INSTRUMENTATION_STATUS: test=cameraFullSizeResultIsImportedThroughFileProvider
INSTRUMENTATION_STATUS_CODE: 1
INSTRUMENTATION_STATUS: class=com.rslnabk.aivideotest.BackendMediaBridgeTest
INSTRUMENTATION_STATUS: current=1
INSTRUMENTATION_STATUS: id=AndroidJUnitRunner
INSTRUMENTATION_STATUS: numtests=3
INSTRUMENTATION_STATUS: stream=.
INSTRUMENTATION_STATUS: test=cameraFullSizeResultIsImportedThroughFileProvider
INSTRUMENTATION_STATUS_CODE: 0
INSTRUMENTATION_STATUS: class=com.rslnabk.aivideotest.BackendMediaBridgeTest
INSTRUMENTATION_STATUS: current=2
INSTRUMENTATION_STATUS: id=AndroidJUnitRunner
INSTRUMENTATION_STATUS: numtests=3
INSTRUMENTATION_STATUS: stream=
INSTRUMENTATION_STATUS: test=galleryResultRoutesToVideoAndNormalizedCopySurvivesRecreation
INSTRUMENTATION_STATUS_CODE: 1
INSTRUMENTATION_STATUS: class=com.rslnabk.aivideotest.BackendMediaBridgeTest
INSTRUMENTATION_STATUS: current=2
INSTRUMENTATION_STATUS: id=AndroidJUnitRunner
INSTRUMENTATION_STATUS: numtests=3
INSTRUMENTATION_STATUS: stream=.
INSTRUMENTATION_STATUS: test=galleryResultRoutesToVideoAndNormalizedCopySurvivesRecreation
INSTRUMENTATION_STATUS_CODE: 0
INSTRUMENTATION_STATUS: class=com.rslnabk.aivideotest.BackendMediaBridgeTest
INSTRUMENTATION_STATUS: current=3
INSTRUMENTATION_STATUS: id=AndroidJUnitRunner
INSTRUMENTATION_STATUS: numtests=3
INSTRUMENTATION_STATUS: stream=
INSTRUMENTATION_STATUS: test=cancelledPickerAndCameraLeaveDraftEmptyAndRemoveTemporaryCapture
INSTRUMENTATION_STATUS_CODE: 1
INSTRUMENTATION_STATUS: class=com.rslnabk.aivideotest.BackendMediaBridgeTest
INSTRUMENTATION_STATUS: current=3
INSTRUMENTATION_STATUS: id=AndroidJUnitRunner
INSTRUMENTATION_STATUS: numtests=3
INSTRUMENTATION_STATUS: stream=.
INSTRUMENTATION_STATUS: test=cancelledPickerAndCameraLeaveDraftEmptyAndRemoveTemporaryCapture
INSTRUMENTATION_STATUS_CODE: 0
INSTRUMENTATION_RESULT: stream=

Time: 8.195

OK (3 tests)


INSTRUMENTATION_CODE: -1
